<html>
<body>
<pre>
<h1>µVision Build Log</h1>
<h2>Project:</h2>
C:\Nordic Semiconductor\nRF51 SDK_v4.2.0.25053\Nordic\nrf51822\Board\pca10000\uart_example\arm\uart_example.uvproj
Project File Date:  09/24/2013

<h2>Output:</h2>
 
*** Rebuild Pass #1 with Cross-Module Feedback - 'Clean' invoked.
Clean started: Project: 'uart_example'
   deleting intermediate output files for target 'nrf51822_xxaa (256K)'
Rebuild target 'nrf51822_xxaa (256K)'
compiling main.c...
compiling system_nrf51.c...
assembling startup_arm_nrf51.s...
compiling simple_uart.c...
linking...
Program Size: Code=480 RO-data=192 RW-data=0 ZI-data=2048  
".\_build\uart_example_arm.axf" - 0 Error(s), 0 Warning(s).
 
*** Rebuild Pass #2 with Cross-Module Feedback invoked.
Rebuild target 'nrf51822_xxaa (256K)'
compiling main.c...
compiling system_nrf51.c...
assembling startup_arm_nrf51.s...
compiling simple_uart.c...
linking...
Program Size: Code=480 RO-data=192 RW-data=0 ZI-data=2048  
FromELF: creating hex file...
".\_build\uart_example_arm.axf" - 0 Error(s), 0 Warning(s).
